[savvy.themedelight.com/index.html]
[backblue.gif]
[fade.gif]
[index.html]
[savvy.themedelight.com/assets/css/basic-full.css]
[savvy.themedelight.com/assets/css/main-skin-style5.css]
[savvy.themedelight.com/assets/css/envato-frame-fix.css]
[www.google-analytics.com/analytics.js]
[savvy.themedelight.com/index-2.html]
[savvy.themedelight.com/resume.html]
[savvy.themedelight.com/services.html]
[savvy.themedelight.com/portfolio.html]
[savvy.themedelight.com/blog.html]
[savvy.themedelight.com/contact.html]
[savvy.themedelight.com/uploads/home/home-image.jpg]
[savvy.themedelight.com/uploads/home/sign.png]
[savvy.themedelight.com/assets/js/basic-full.js]
[savvy.themedelight.com/assets/jslib/jquery-1.11.2.js]
[savvy.themedelight.com/assets/js/Template.js]
[savvy.themedelight.com/assets/jslib/jquery.cookie.js]
[savvy.themedelight.com/index.html]
[savvy.themedelight.com/assets/js/StylePanel.js]
[savvy.themedelight.com/assets/fonts/fontawesome-webfont78ce.eot]
[savvy.themedelight.com/assets/fonts/fontawesome-webfontd41d.eot]
[savvy.themedelight.com/assets/fonts/fontawesome-webfont78ce.woff]
[savvy.themedelight.com/assets/fonts/fontawesome-webfont78ce.ttf]
[savvy.themedelight.com/assets/fonts/fontawesome-webfont78ce.svg]
[savvy.themedelight.com/assets/fonts/icomoone836.eot]
[savvy.themedelight.com/assets/fonts/icomoond41d.eot]
[savvy.themedelight.com/assets/fonts/icomoone836.woff]
[savvy.themedelight.com/assets/fonts/icomoone836.ttf]
[savvy.themedelight.com/assets/images/mCustomScrollbar_buttons.png]
[savvy.themedelight.com/assets/css/basic-full.css]
[savvy.themedelight.com/assets/css/main-skin-style5.css]
[savvy.themedelight.com/assets/css/envato-frame-fix.css]
[savvy.themedelight.com/index-2.html]
[savvy.themedelight.com/uploads/resume/google-logo.png]
[savvy.themedelight.com/uploads/resume/brown-logo.png]
[savvy.themedelight.com/uploads/resume/stanford-logo.jpg]
[savvy.themedelight.com/uploads/resume/testimonials-tom.png]
[savvy.themedelight.com/assets/fonts/icomoone836.svg]
[savvy.themedelight.com/uploads/resume/testimonials-john.jpg]
[savvy.themedelight.com/uploads/resume/testimonials-ramona.jpg]
[savvy.themedelight.com/resume.html]
[savvy.themedelight.com/services.html]
[savvy.themedelight.com/portfolio-single.html]
[savvy.themedelight.com/uploads/portfolio/woman-in-glasses-small.jpg]
[savvy.themedelight.com/uploads/portfolio/lolipop-girl-small.jpg]
[savvy.themedelight.com/uploads/portfolio/bikini-small.jpg]
[savvy.themedelight.com/uploads/portfolio/girl-with-orange-small.jpg]
[savvy.themedelight.com/uploads/portfolio/smiling-woman-small.jpg]
[savvy.themedelight.com/uploads/portfolio/model-with-cameras-small.jpg]
[savvy.themedelight.com/portfolio.html]
[savvy.themedelight.com/blog-single.html]
[savvy.themedelight.com/uploads/blog/desktop.jpg]
[savvy.themedelight.com/uploads/blog/autumn-cafe.jpg]
[savvy.themedelight.com/uploads/blog/dried-mandarins.jpg]
[savvy.themedelight.com/uploads/blog/book-reading.jpg]
[savvy.themedelight.com/uploads/blog/drinking-tea.jpg]
[savvy.themedelight.com/uploads/blog/office-table.jpg]
[savvy.themedelight.com/blog.html]
[savvy.themedelight.com/contact.html]
[savvy.themedelight.com/assets/jslib/jquery-1.11.2.js]
[savvy.themedelight.com/cdnjs.cloudflare.com/ajax/libs/jquery-mousewheel/3.1.12/jquery.mousewheel.min.js]
[apis.google.com/js/plusone.js]
[platform.twitter.com/widgets.js]
[platform.linkedin.com/in.js]
[platform.stumbleupon.com/1/widgets.js]
[assets.pinterest.com/js/pinit.js]
[savvy.themedelight.com/assets/js/basic-full.js]
[savvy.themedelight.com/assets/js/Template.js]
[savvy.themedelight.com/assets/jslib/jquery.cookie.js]
[savvy.themedelight.com/assets/js/StylePanel.js]
[savvy.themedelight.com/assets/fonts/fontawesome-webfont78ce.svg]
[savvy.themedelight.com/assets/fonts/icomoone836.svg]
[savvy.themedelight.com/Edge/index.html]
[savvy.themedelight.com/Trident/index.html]
[savvy.themedelight.com/uploads/portfolio/woman-in-glasses.jpg]
[savvy.themedelight.com/portfolio-single.html]
[savvy.themedelight.com/uploads/blog/about-author.jpg]
[savvy.themedelight.com/uploads/comments/marinella.jpg]
[savvy.themedelight.com/uploads/comments/ryan.jpg]
[savvy.themedelight.com/uploads/comments/sarah.jpg]
[savvy.themedelight.com/blog-single.html]
[savvy.themedelight.com/cdnjs.cloudflare.com/ajax/libs/jquery-mousewheel/3.1.12/jquery.mousewheel.min.html]
[widgets.digg.com/buttons.html]
[savvy.themedelight.com/Trident/index.html]
[savvy.themedelight.com/Edge/index.html]
